
> form_automation@1.0.0 test
> cucumber-js

[dotenv@17.3.1] injecting env (4) from .env -- tip: ΓÜÖ∩╕Å  write to custom object with { processEnv: myObject }
[dotenv@17.3.1] injecting env (0) from .env -- tip: ΓÜÖ∩╕Å  specify custom .env file path with { path: '/custom/path/.env' }
.F--.

Failures:

1) Scenario: User signup with email OTP # src\features\login.feature:4
   ΓêÜ Before # src\step-definitions\login.step.ts:11
   ├ù Given I open NRL signup page # src\step-definitions\login.step.ts:20
       page.goto: Protocol error (Page.navigate): Cannot navigate to invalid URL
       Call log:
       [2m  - navigating to "d3nxpusm55ya6n.cloudfront.net", waiting until "load"[22m

           at LoginPage.navigate (C:\Users\SST\Desktop\email_otp\src\pages\loginpage.ts:18:21)
           at CustomWorld.<anonymous> (C:\Users\SST\Desktop\email_otp\src\step-definitions\login.step.ts:21:19)
   - When I enter valid email and submit # src\step-definitions\login.step.ts:24
   - Then I Fetch OTP and Complete signup # src\step-definitions\login.step.ts:32
   ΓêÜ After # src\step-definitions\login.step.ts:16

1 scenario (1 failed)
3 steps (1 failed, 2 skipped)
0m01.417s (executing steps: 0m01.381s)
